[2021-05-27T12:49:37.468-0700][gc,heap] Heap region size: 1M
[2021-05-27T12:49:37.479-0700][gc     ] Using G1
[2021-05-27T12:49:37.479-0700][gc,heap,coops] Heap address: 0x00000007c0000000, size: 1024 MB, Compressed Oops mode: Zero based, Oop shift amount: 3
[2021-05-27T12:49:44.480-0700][gc,start     ] GC(0) Pause Young (Concurrent Start) (Metadata GC Threshold)
[2021-05-27T12:49:44.481-0700][gc,task      ] GC(0) Using 8 workers of 8 for evacuation
[2021-05-27T12:49:44.488-0700][gc,phases    ] GC(0)   Pre Evacuate Collection Set: 0.0ms
[2021-05-27T12:49:44.488-0700][gc,phases    ] GC(0)   Evacuate Collection Set: 6.3ms
[2021-05-27T12:49:44.488-0700][gc,phases    ] GC(0)   Post Evacuate Collection Set: 0.6ms
[2021-05-27T12:49:44.488-0700][gc,phases    ] GC(0)   Other: 1.0ms
[2021-05-27T12:49:44.488-0700][gc,heap      ] GC(0) Eden regions: 42->0(44)
[2021-05-27T12:49:44.488-0700][gc,heap      ] GC(0) Survivor regions: 0->7(7)
[2021-05-27T12:49:44.488-0700][gc,heap      ] GC(0) Old regions: 0->0
[2021-05-27T12:49:44.488-0700][gc,heap      ] GC(0) Humongous regions: 0->0
[2021-05-27T12:49:44.488-0700][gc,metaspace ] GC(0) Metaspace: 20706K->20706K(1069056K)
[2021-05-27T12:49:44.488-0700][gc           ] GC(0) Pause Young (Concurrent Start) (Metadata GC Threshold) 42M->6M(1024M) 8.188ms
[2021-05-27T12:49:44.488-0700][gc,cpu       ] GC(0) User=0.02s Sys=0.01s Real=0.00s
[2021-05-27T12:49:44.488-0700][gc           ] GC(1) Concurrent Cycle
[2021-05-27T12:49:44.488-0700][gc,marking   ] GC(1) Concurrent Clear Claimed Marks
[2021-05-27T12:49:44.488-0700][gc,marking   ] GC(1) Concurrent Clear Claimed Marks 0.048ms
[2021-05-27T12:49:44.489-0700][gc,marking   ] GC(1) Concurrent Scan Root Regions
[2021-05-27T12:49:44.492-0700][gc,marking   ] GC(1) Concurrent Scan Root Regions 3.131ms
[2021-05-27T12:49:44.492-0700][gc,marking   ] GC(1) Concurrent Mark (7.036s)
[2021-05-27T12:49:44.492-0700][gc,marking   ] GC(1) Concurrent Mark From Roots
[2021-05-27T12:49:44.492-0700][gc,task      ] GC(1) Using 2 workers of 2 for marking
[2021-05-27T12:49:44.492-0700][gc,marking   ] GC(1) Concurrent Mark From Roots 0.207ms
[2021-05-27T12:49:44.492-0700][gc,marking   ] GC(1) Concurrent Preclean
[2021-05-27T12:49:44.492-0700][gc,marking   ] GC(1) Concurrent Preclean 0.063ms
[2021-05-27T12:49:44.492-0700][gc,marking   ] GC(1) Concurrent Mark (7.036s, 7.036s) 0.393ms
[2021-05-27T12:49:44.492-0700][gc,start     ] GC(1) Pause Remark
[2021-05-27T12:49:44.494-0700][gc,stringtable] GC(1) Cleaned string and symbol table, strings: 7155 processed, 0 removed, symbols: 63376 processed, 31 removed
[2021-05-27T12:49:44.495-0700][gc            ] GC(1) Pause Remark 7M->7M(1024M) 2.297ms
[2021-05-27T12:49:44.495-0700][gc,cpu        ] GC(1) User=0.01s Sys=0.00s Real=0.00s
[2021-05-27T12:49:44.495-0700][gc,marking    ] GC(1) Concurrent Rebuild Remembered Sets
[2021-05-27T12:49:44.495-0700][gc,marking    ] GC(1) Concurrent Rebuild Remembered Sets 0.106ms
[2021-05-27T12:49:44.495-0700][gc,start      ] GC(1) Pause Cleanup
[2021-05-27T12:49:44.495-0700][gc            ] GC(1) Pause Cleanup 7M->7M(1024M) 0.215ms
[2021-05-27T12:49:44.495-0700][gc,cpu        ] GC(1) User=0.00s Sys=0.00s Real=0.00s
[2021-05-27T12:49:44.495-0700][gc,marking    ] GC(1) Concurrent Cleanup for Next Mark
[2021-05-27T12:49:44.505-0700][gc,marking    ] GC(1) Concurrent Cleanup for Next Mark 9.973ms
[2021-05-27T12:49:44.505-0700][gc            ] GC(1) Concurrent Cycle 16.998ms
[2021-05-27T12:49:45.719-0700][gc,start      ] GC(2) Pause Young (Normal) (G1 Evacuation Pause)
[2021-05-27T12:49:45.719-0700][gc,task       ] GC(2) Using 8 workers of 8 for evacuation
[2021-05-27T12:49:45.727-0700][gc,phases     ] GC(2)   Pre Evacuate Collection Set: 0.0ms
[2021-05-27T12:49:45.727-0700][gc,phases     ] GC(2)   Evacuate Collection Set: 7.2ms
[2021-05-27T12:49:45.727-0700][gc,phases     ] GC(2)   Post Evacuate Collection Set: 0.5ms
[2021-05-27T12:49:45.727-0700][gc,phases     ] GC(2)   Other: 0.2ms
[2021-05-27T12:49:45.727-0700][gc,heap       ] GC(2) Eden regions: 44->0(48)
[2021-05-27T12:49:45.727-0700][gc,heap       ] GC(2) Survivor regions: 7->3(7)
[2021-05-27T12:49:45.727-0700][gc,heap       ] GC(2) Old regions: 0->7
[2021-05-27T12:49:45.727-0700][gc,heap       ] GC(2) Humongous regions: 129->129
[2021-05-27T12:49:45.727-0700][gc,metaspace  ] GC(2) Metaspace: 30417K->30417K(1077248K)
[2021-05-27T12:49:45.727-0700][gc            ] GC(2) Pause Young (Normal) (G1 Evacuation Pause) 179M->137M(1024M) 8.085ms
[2021-05-27T12:49:45.727-0700][gc,cpu        ] GC(2) User=0.04s Sys=0.01s Real=0.01s
[2021-05-27T12:49:46.235-0700][gc,start      ] GC(3) Pause Young (Concurrent Start) (Metadata GC Threshold)
[2021-05-27T12:49:46.235-0700][gc,task       ] GC(3) Using 8 workers of 8 for evacuation
[2021-05-27T12:49:46.240-0700][gc,phases     ] GC(3)   Pre Evacuate Collection Set: 0.1ms
[2021-05-27T12:49:46.240-0700][gc,phases     ] GC(3)   Evacuate Collection Set: 4.1ms
[2021-05-27T12:49:46.240-0700][gc,phases     ] GC(3)   Post Evacuate Collection Set: 0.3ms
[2021-05-27T12:49:46.240-0700][gc,phases     ] GC(3)   Other: 0.3ms
[2021-05-27T12:49:46.240-0700][gc,heap       ] GC(3) Eden regions: 24->0(47)
[2021-05-27T12:49:46.240-0700][gc,heap       ] GC(3) Survivor regions: 3->4(7)
[2021-05-27T12:49:46.240-0700][gc,heap       ] GC(3) Old regions: 7->7
[2021-05-27T12:49:46.240-0700][gc,heap       ] GC(3) Humongous regions: 129->129
[2021-05-27T12:49:46.240-0700][gc,metaspace  ] GC(3) Metaspace: 34798K->34798K(1081344K)
[2021-05-27T12:49:46.240-0700][gc            ] GC(3) Pause Young (Concurrent Start) (Metadata GC Threshold) 161M->139M(1024M) 4.985ms
[2021-05-27T12:49:46.240-0700][gc,cpu        ] GC(3) User=0.03s Sys=0.00s Real=0.01s
[2021-05-27T12:49:46.240-0700][gc            ] GC(4) Concurrent Cycle
[2021-05-27T12:49:46.240-0700][gc,marking    ] GC(4) Concurrent Clear Claimed Marks
[2021-05-27T12:49:46.240-0700][gc,marking    ] GC(4) Concurrent Clear Claimed Marks 0.141ms
[2021-05-27T12:49:46.240-0700][gc,marking    ] GC(4) Concurrent Scan Root Regions
[2021-05-27T12:49:46.243-0700][gc,marking    ] GC(4) Concurrent Scan Root Regions 2.536ms
[2021-05-27T12:49:46.243-0700][gc,marking    ] GC(4) Concurrent Mark (8.787s)
[2021-05-27T12:49:46.243-0700][gc,marking    ] GC(4) Concurrent Mark From Roots
[2021-05-27T12:49:46.243-0700][gc,task       ] GC(4) Using 2 workers of 2 for marking
[2021-05-27T12:49:46.249-0700][gc,marking    ] GC(4) Concurrent Mark From Roots 5.891ms
[2021-05-27T12:49:46.249-0700][gc,marking    ] GC(4) Concurrent Preclean
[2021-05-27T12:49:46.249-0700][gc,marking    ] GC(4) Concurrent Preclean 0.087ms
[2021-05-27T12:49:46.249-0700][gc,marking    ] GC(4) Concurrent Mark (8.787s, 8.793s) 6.065ms
[2021-05-27T12:49:46.249-0700][gc,start      ] GC(4) Pause Remark
[2021-05-27T12:49:46.251-0700][gc,stringtable] GC(4) Cleaned string and symbol table, strings: 11654 processed, 9 removed, symbols: 94408 processed, 29 removed
[2021-05-27T12:49:46.251-0700][gc            ] GC(4) Pause Remark 139M->139M(1024M) 2.573ms
[2021-05-27T12:49:46.251-0700][gc,cpu        ] GC(4) User=0.01s Sys=0.00s Real=0.01s
[2021-05-27T12:49:46.252-0700][gc,marking    ] GC(4) Concurrent Rebuild Remembered Sets
[2021-05-27T12:49:46.255-0700][gc,marking    ] GC(4) Concurrent Rebuild Remembered Sets 3.237ms
[2021-05-27T12:49:46.255-0700][gc,start      ] GC(4) Pause Cleanup
[2021-05-27T12:49:46.255-0700][gc            ] GC(4) Pause Cleanup 140M->140M(1024M) 0.238ms
[2021-05-27T12:49:46.255-0700][gc,cpu        ] GC(4) User=0.00s Sys=0.00s Real=0.00s
[2021-05-27T12:49:46.255-0700][gc,marking    ] GC(4) Concurrent Cleanup for Next Mark
[2021-05-27T12:49:46.264-0700][gc,marking    ] GC(4) Concurrent Cleanup for Next Mark 8.409ms
[2021-05-27T12:49:46.264-0700][gc            ] GC(4) Concurrent Cycle 24.041ms
