[2021-05-24T22:16:03.546-0700][gc,heap] Heap region size: 1M
[2021-05-24T22:16:03.557-0700][gc     ] Using G1
[2021-05-24T22:16:03.558-0700][gc,heap,coops] Heap address: 0x00000007c0000000, size: 1024 MB, Compressed Oops mode: Zero based, Oop shift amount: 3
[2021-05-24T22:16:09.693-0700][gc,start     ] GC(0) Pause Young (Concurrent Start) (Metadata GC Threshold)
[2021-05-24T22:16:09.693-0700][gc,task      ] GC(0) Using 8 workers of 8 for evacuation
[2021-05-24T22:16:09.700-0700][gc,phases    ] GC(0)   Pre Evacuate Collection Set: 0.0ms
[2021-05-24T22:16:09.700-0700][gc,phases    ] GC(0)   Evacuate Collection Set: 5.9ms
[2021-05-24T22:16:09.700-0700][gc,phases    ] GC(0)   Post Evacuate Collection Set: 0.4ms
[2021-05-24T22:16:09.700-0700][gc,phases    ] GC(0)   Other: 0.8ms
[2021-05-24T22:16:09.700-0700][gc,heap      ] GC(0) Eden regions: 42->0(44)
[2021-05-24T22:16:09.700-0700][gc,heap      ] GC(0) Survivor regions: 0->7(7)
[2021-05-24T22:16:09.700-0700][gc,heap      ] GC(0) Old regions: 0->0
[2021-05-24T22:16:09.700-0700][gc,heap      ] GC(0) Humongous regions: 0->0
[2021-05-24T22:16:09.700-0700][gc,metaspace ] GC(0) Metaspace: 20698K->20698K(1069056K)
[2021-05-24T22:16:09.700-0700][gc           ] GC(0) Pause Young (Concurrent Start) (Metadata GC Threshold) 42M->6M(1024M) 7.371ms
[2021-05-24T22:16:09.700-0700][gc,cpu       ] GC(0) User=0.03s Sys=0.01s Real=0.01s
[2021-05-24T22:16:09.700-0700][gc           ] GC(1) Concurrent Cycle
[2021-05-24T22:16:09.700-0700][gc,marking   ] GC(1) Concurrent Clear Claimed Marks
[2021-05-24T22:16:09.700-0700][gc,marking   ] GC(1) Concurrent Clear Claimed Marks 0.062ms
[2021-05-24T22:16:09.700-0700][gc,marking   ] GC(1) Concurrent Scan Root Regions
[2021-05-24T22:16:09.703-0700][gc,marking   ] GC(1) Concurrent Scan Root Regions 2.353ms
[2021-05-24T22:16:09.703-0700][gc,marking   ] GC(1) Concurrent Mark (6.166s)
[2021-05-24T22:16:09.703-0700][gc,marking   ] GC(1) Concurrent Mark From Roots
[2021-05-24T22:16:09.703-0700][gc,task      ] GC(1) Using 2 workers of 2 for marking
[2021-05-24T22:16:09.703-0700][gc,marking   ] GC(1) Concurrent Mark From Roots 0.280ms
[2021-05-24T22:16:09.703-0700][gc,marking   ] GC(1) Concurrent Preclean
[2021-05-24T22:16:09.703-0700][gc,marking   ] GC(1) Concurrent Preclean 0.075ms
[2021-05-24T22:16:09.703-0700][gc,marking   ] GC(1) Concurrent Mark (6.166s, 6.167s) 0.564ms
[2021-05-24T22:16:09.703-0700][gc,start     ] GC(1) Pause Remark
[2021-05-24T22:16:09.706-0700][gc,stringtable] GC(1) Cleaned string and symbol table, strings: 7166 processed, 0 removed, symbols: 63376 processed, 31 removed
[2021-05-24T22:16:09.706-0700][gc            ] GC(1) Pause Remark 7M->7M(1024M) 2.384ms
[2021-05-24T22:16:09.706-0700][gc,cpu        ] GC(1) User=0.01s Sys=0.00s Real=0.00s
[2021-05-24T22:16:09.706-0700][gc,marking    ] GC(1) Concurrent Rebuild Remembered Sets
[2021-05-24T22:16:09.706-0700][gc,marking    ] GC(1) Concurrent Rebuild Remembered Sets 0.084ms
[2021-05-24T22:16:09.706-0700][gc,start      ] GC(1) Pause Cleanup
[2021-05-24T22:16:09.706-0700][gc            ] GC(1) Pause Cleanup 7M->7M(1024M) 0.180ms
[2021-05-24T22:16:09.706-0700][gc,cpu        ] GC(1) User=0.00s Sys=0.00s Real=0.00s
[2021-05-24T22:16:09.706-0700][gc,marking    ] GC(1) Concurrent Cleanup for Next Mark
[2021-05-24T22:16:09.713-0700][gc,marking    ] GC(1) Concurrent Cleanup for Next Mark 6.328ms
[2021-05-24T22:16:09.713-0700][gc            ] GC(1) Concurrent Cycle 12.777ms
[2021-05-24T22:16:10.589-0700][gc,start      ] GC(2) Pause Young (Normal) (G1 Evacuation Pause)
[2021-05-24T22:16:10.589-0700][gc,task       ] GC(2) Using 8 workers of 8 for evacuation
[2021-05-24T22:16:10.598-0700][gc,phases     ] GC(2)   Pre Evacuate Collection Set: 0.0ms
[2021-05-24T22:16:10.598-0700][gc,phases     ] GC(2)   Evacuate Collection Set: 8.4ms
[2021-05-24T22:16:10.598-0700][gc,phases     ] GC(2)   Post Evacuate Collection Set: 0.5ms
[2021-05-24T22:16:10.598-0700][gc,phases     ] GC(2)   Other: 0.2ms
[2021-05-24T22:16:10.598-0700][gc,heap       ] GC(2) Eden regions: 44->0(48)
[2021-05-24T22:16:10.598-0700][gc,heap       ] GC(2) Survivor regions: 7->3(7)
[2021-05-24T22:16:10.598-0700][gc,heap       ] GC(2) Old regions: 0->7
[2021-05-24T22:16:10.598-0700][gc,heap       ] GC(2) Humongous regions: 129->129
[2021-05-24T22:16:10.598-0700][gc,metaspace  ] GC(2) Metaspace: 30424K->30424K(1077248K)
[2021-05-24T22:16:10.598-0700][gc            ] GC(2) Pause Young (Normal) (G1 Evacuation Pause) 179M->137M(1024M) 9.373ms
[2021-05-24T22:16:10.598-0700][gc,cpu        ] GC(2) User=0.06s Sys=0.01s Real=0.01s
[2021-05-24T22:16:11.009-0700][gc,start      ] GC(3) Pause Young (Concurrent Start) (Metadata GC Threshold)
[2021-05-24T22:16:11.010-0700][gc,task       ] GC(3) Using 8 workers of 8 for evacuation
[2021-05-24T22:16:11.015-0700][gc,phases     ] GC(3)   Pre Evacuate Collection Set: 0.1ms
[2021-05-24T22:16:11.015-0700][gc,phases     ] GC(3)   Evacuate Collection Set: 4.5ms
[2021-05-24T22:16:11.015-0700][gc,phases     ] GC(3)   Post Evacuate Collection Set: 0.5ms
[2021-05-24T22:16:11.015-0700][gc,phases     ] GC(3)   Other: 0.3ms
[2021-05-24T22:16:11.015-0700][gc,heap       ] GC(3) Eden regions: 24->0(47)
[2021-05-24T22:16:11.015-0700][gc,heap       ] GC(3) Survivor regions: 3->4(7)
[2021-05-24T22:16:11.015-0700][gc,heap       ] GC(3) Old regions: 7->7
[2021-05-24T22:16:11.015-0700][gc,heap       ] GC(3) Humongous regions: 129->129
[2021-05-24T22:16:11.015-0700][gc,metaspace  ] GC(3) Metaspace: 34783K->34783K(1081344K)
[2021-05-24T22:16:11.015-0700][gc            ] GC(3) Pause Young (Concurrent Start) (Metadata GC Threshold) 161M->139M(1024M) 5.522ms
[2021-05-24T22:16:11.015-0700][gc,cpu        ] GC(3) User=0.03s Sys=0.00s Real=0.01s
[2021-05-24T22:16:11.015-0700][gc            ] GC(4) Concurrent Cycle
[2021-05-24T22:16:11.015-0700][gc,marking    ] GC(4) Concurrent Clear Claimed Marks
[2021-05-24T22:16:11.015-0700][gc,marking    ] GC(4) Concurrent Clear Claimed Marks 0.121ms
[2021-05-24T22:16:11.015-0700][gc,marking    ] GC(4) Concurrent Scan Root Regions
[2021-05-24T22:16:11.018-0700][gc,marking    ] GC(4) Concurrent Scan Root Regions 2.908ms
[2021-05-24T22:16:11.018-0700][gc,marking    ] GC(4) Concurrent Mark (7.482s)
[2021-05-24T22:16:11.018-0700][gc,marking    ] GC(4) Concurrent Mark From Roots
[2021-05-24T22:16:11.018-0700][gc,task       ] GC(4) Using 2 workers of 2 for marking
[2021-05-24T22:16:11.026-0700][gc,marking    ] GC(4) Concurrent Mark From Roots 8.226ms
[2021-05-24T22:16:11.027-0700][gc,marking    ] GC(4) Concurrent Preclean
[2021-05-24T22:16:11.027-0700][gc,marking    ] GC(4) Concurrent Preclean 0.162ms
[2021-05-24T22:16:11.027-0700][gc,marking    ] GC(4) Concurrent Mark (7.482s, 7.490s) 8.565ms
[2021-05-24T22:16:11.027-0700][gc,start      ] GC(4) Pause Remark
[2021-05-24T22:16:11.029-0700][gc,stringtable] GC(4) Cleaned string and symbol table, strings: 11653 processed, 9 removed, symbols: 94492 processed, 32 removed
[2021-05-24T22:16:11.030-0700][gc            ] GC(4) Pause Remark 139M->139M(1024M) 2.798ms
[2021-05-24T22:16:11.030-0700][gc,cpu        ] GC(4) User=0.01s Sys=0.00s Real=0.01s
[2021-05-24T22:16:11.030-0700][gc,marking    ] GC(4) Concurrent Rebuild Remembered Sets
[2021-05-24T22:16:11.033-0700][gc,marking    ] GC(4) Concurrent Rebuild Remembered Sets 3.483ms
[2021-05-24T22:16:11.034-0700][gc,start      ] GC(4) Pause Cleanup
[2021-05-24T22:16:11.034-0700][gc            ] GC(4) Pause Cleanup 140M->140M(1024M) 0.228ms
[2021-05-24T22:16:11.034-0700][gc,cpu        ] GC(4) User=0.00s Sys=0.00s Real=0.00s
[2021-05-24T22:16:11.034-0700][gc,marking    ] GC(4) Concurrent Cleanup for Next Mark
[2021-05-24T22:16:11.041-0700][gc,marking    ] GC(4) Concurrent Cleanup for Next Mark 7.428ms
[2021-05-24T22:16:11.041-0700][gc            ] GC(4) Concurrent Cycle 26.358ms
[2021-05-24T22:32:40.396-0700][gc,start      ] GC(5) Pause Young (Normal) (G1 Evacuation Pause)
[2021-05-24T22:32:40.397-0700][gc,task       ] GC(5) Using 8 workers of 8 for evacuation
[2021-05-24T22:32:40.424-0700][gc,mmu        ] GC(5) MMU target violated: 21.0ms (20.0ms/21.0ms)
[2021-05-24T22:32:40.424-0700][gc,phases     ] GC(5)   Pre Evacuate Collection Set: 0.1ms
[2021-05-24T22:32:40.424-0700][gc,phases     ] GC(5)   Evacuate Collection Set: 26.7ms
[2021-05-24T22:32:40.424-0700][gc,phases     ] GC(5)   Post Evacuate Collection Set: 0.5ms
[2021-05-24T22:32:40.424-0700][gc,phases     ] GC(5)   Other: 0.5ms
[2021-05-24T22:32:40.424-0700][gc,heap       ] GC(5) Eden regions: 47->0(46)
[2021-05-24T22:32:40.424-0700][gc,heap       ] GC(5) Survivor regions: 4->5(7)
[2021-05-24T22:32:40.424-0700][gc,heap       ] GC(5) Old regions: 7->9
[2021-05-24T22:32:40.424-0700][gc,heap       ] GC(5) Humongous regions: 129->129
[2021-05-24T22:32:40.424-0700][gc,metaspace  ] GC(5) Metaspace: 43456K->43456K(1089536K)
[2021-05-24T22:32:40.424-0700][gc            ] GC(5) Pause Young (Normal) (G1 Evacuation Pause) 186M->142M(1024M) 27.966ms
[2021-05-24T22:32:40.424-0700][gc,cpu        ] GC(5) User=0.06s Sys=0.09s Real=0.03s
[2021-05-24T22:45:46.285-0700][gc,start      ] GC(6) Pause Young (Normal) (G1 Evacuation Pause)
[2021-05-24T22:45:46.286-0700][gc,task       ] GC(6) Using 8 workers of 8 for evacuation
[2021-05-24T22:45:46.313-0700][gc,mmu        ] GC(6) MMU target violated: 21.0ms (20.0ms/21.0ms)
[2021-05-24T22:45:46.313-0700][gc,phases     ] GC(6)   Pre Evacuate Collection Set: 1.7ms
[2021-05-24T22:45:46.313-0700][gc,phases     ] GC(6)   Evacuate Collection Set: 24.2ms
[2021-05-24T22:45:46.313-0700][gc,phases     ] GC(6)   Post Evacuate Collection Set: 0.9ms
[2021-05-24T22:45:46.313-0700][gc,phases     ] GC(6)   Other: 1.0ms
[2021-05-24T22:45:46.313-0700][gc,heap       ] GC(6) Eden regions: 46->0(45)
[2021-05-24T22:45:46.313-0700][gc,heap       ] GC(6) Survivor regions: 5->6(7)
[2021-05-24T22:45:46.313-0700][gc,heap       ] GC(6) Old regions: 9->11
[2021-05-24T22:45:46.313-0700][gc,heap       ] GC(6) Humongous regions: 129->129
[2021-05-24T22:45:46.313-0700][gc,metaspace  ] GC(6) Metaspace: 48958K->48958K(1093632K)
[2021-05-24T22:45:46.313-0700][gc            ] GC(6) Pause Young (Normal) (G1 Evacuation Pause) 188M->144M(1024M) 27.892ms
[2021-05-24T22:45:46.313-0700][gc,cpu        ] GC(6) User=0.05s Sys=0.06s Real=0.03s
[2021-05-24T22:58:54.500-0700][gc,start      ] GC(7) Pause Young (Normal) (G1 Evacuation Pause)
[2021-05-24T22:58:54.501-0700][gc,task       ] GC(7) Using 8 workers of 8 for evacuation
[2021-05-24T22:58:54.566-0700][gc,mmu        ] GC(7) MMU target violated: 21.0ms (20.0ms/21.0ms)
[2021-05-24T22:58:54.566-0700][gc,phases     ] GC(7)   Pre Evacuate Collection Set: 1.5ms
[2021-05-24T22:58:54.566-0700][gc,phases     ] GC(7)   Evacuate Collection Set: 62.3ms
[2021-05-24T22:58:54.566-0700][gc,phases     ] GC(7)   Post Evacuate Collection Set: 1.0ms
[2021-05-24T22:58:54.566-0700][gc,phases     ] GC(7)   Other: 1.1ms
[2021-05-24T22:58:54.566-0700][gc,heap       ] GC(7) Eden regions: 45->0(46)
[2021-05-24T22:58:54.566-0700][gc,heap       ] GC(7) Survivor regions: 6->5(7)
[2021-05-24T22:58:54.566-0700][gc,heap       ] GC(7) Old regions: 11->13
[2021-05-24T22:58:54.566-0700][gc,heap       ] GC(7) Humongous regions: 129->129
[2021-05-24T22:58:54.566-0700][gc,metaspace  ] GC(7) Metaspace: 50134K->50134K(1095680K)
[2021-05-24T22:58:54.566-0700][gc            ] GC(7) Pause Young (Normal) (G1 Evacuation Pause) 189M->146M(1024M) 66.115ms
[2021-05-24T22:58:54.566-0700][gc,cpu        ] GC(7) User=0.09s Sys=0.16s Real=0.06s
[2021-05-24T23:13:06.436-0700][gc,start      ] GC(8) Pause Young (Normal) (G1 Evacuation Pause)
[2021-05-24T23:13:06.436-0700][gc,task       ] GC(8) Using 8 workers of 8 for evacuation
[2021-05-24T23:13:06.466-0700][gc,mmu        ] GC(8) MMU target violated: 21.0ms (20.0ms/21.0ms)
[2021-05-24T23:13:06.466-0700][gc,phases     ] GC(8)   Pre Evacuate Collection Set: 1.5ms
[2021-05-24T23:13:06.466-0700][gc,phases     ] GC(8)   Evacuate Collection Set: 24.4ms
[2021-05-24T23:13:06.466-0700][gc,phases     ] GC(8)   Post Evacuate Collection Set: 3.3ms
[2021-05-24T23:13:06.466-0700][gc,phases     ] GC(8)   Other: 0.9ms
[2021-05-24T23:13:06.466-0700][gc,heap       ] GC(8) Eden regions: 46->0(48)
[2021-05-24T23:13:06.466-0700][gc,heap       ] GC(8) Survivor regions: 5->3(7)
[2021-05-24T23:13:06.466-0700][gc,heap       ] GC(8) Old regions: 13->16
[2021-05-24T23:13:06.466-0700][gc,heap       ] GC(8) Humongous regions: 129->129
[2021-05-24T23:13:06.466-0700][gc,metaspace  ] GC(8) Metaspace: 50393K->50393K(1095680K)
[2021-05-24T23:13:06.466-0700][gc            ] GC(8) Pause Young (Normal) (G1 Evacuation Pause) 192M->146M(1024M) 30.253ms
[2021-05-24T23:13:06.466-0700][gc,cpu        ] GC(8) User=0.04s Sys=0.09s Real=0.03s
[2021-05-24T23:28:07.730-0700][gc,start      ] GC(9) Pause Young (Normal) (G1 Evacuation Pause)
[2021-05-24T23:28:07.731-0700][gc,task       ] GC(9) Using 8 workers of 8 for evacuation
[2021-05-24T23:28:07.763-0700][gc,mmu        ] GC(9) MMU target violated: 21.0ms (20.0ms/21.0ms)
[2021-05-24T23:28:07.763-0700][gc,phases     ] GC(9)   Pre Evacuate Collection Set: 2.0ms
[2021-05-24T23:28:07.763-0700][gc,phases     ] GC(9)   Evacuate Collection Set: 28.8ms
[2021-05-24T23:28:07.763-0700][gc,phases     ] GC(9)   Post Evacuate Collection Set: 0.4ms
[2021-05-24T23:28:07.763-0700][gc,phases     ] GC(9)   Other: 1.9ms
[2021-05-24T23:28:07.763-0700][gc,heap       ] GC(9) Eden regions: 48->0(48)
[2021-05-24T23:28:07.763-0700][gc,heap       ] GC(9) Survivor regions: 3->3(7)
[2021-05-24T23:28:07.763-0700][gc,heap       ] GC(9) Old regions: 16->16
[2021-05-24T23:28:07.763-0700][gc,heap       ] GC(9) Humongous regions: 129->129
[2021-05-24T23:28:07.763-0700][gc,metaspace  ] GC(9) Metaspace: 50543K->50543K(1095680K)
[2021-05-24T23:28:07.763-0700][gc            ] GC(9) Pause Young (Normal) (G1 Evacuation Pause) 194M->147M(1024M) 33.308ms
[2021-05-24T23:28:07.763-0700][gc,cpu        ] GC(9) User=0.03s Sys=0.11s Real=0.03s
[2021-05-24T23:38:42.525-0700][gc,start      ] GC(10) Pause Young (Normal) (G1 Evacuation Pause)
[2021-05-24T23:38:42.525-0700][gc,task       ] GC(10) Using 8 workers of 8 for evacuation
[2021-05-24T23:38:42.535-0700][gc,phases     ] GC(10)   Pre Evacuate Collection Set: 0.0ms
[2021-05-24T23:38:42.535-0700][gc,phases     ] GC(10)   Evacuate Collection Set: 9.4ms
[2021-05-24T23:38:42.535-0700][gc,phases     ] GC(10)   Post Evacuate Collection Set: 0.4ms
[2021-05-24T23:38:42.536-0700][gc,phases     ] GC(10)   Other: 0.9ms
[2021-05-24T23:38:42.536-0700][gc,heap       ] GC(10) Eden regions: 48->0(47)
[2021-05-24T23:38:42.536-0700][gc,heap       ] GC(10) Survivor regions: 3->4(7)
[2021-05-24T23:38:42.536-0700][gc,heap       ] GC(10) Old regions: 16->16
[2021-05-24T23:38:42.536-0700][gc,heap       ] GC(10) Humongous regions: 129->129
[2021-05-24T23:38:42.536-0700][gc,metaspace  ] GC(10) Metaspace: 50575K->50575K(1095680K)
[2021-05-24T23:38:42.536-0700][gc            ] GC(10) Pause Young (Normal) (G1 Evacuation Pause) 195M->147M(1024M) 10.911ms
[2021-05-24T23:38:42.536-0700][gc,cpu        ] GC(10) User=0.03s Sys=0.02s Real=0.01s
