[2021-05-27T12:48:59.936-0700][gc,heap] Heap region size: 1M
[2021-05-27T12:48:59.942-0700][gc     ] Using G1
[2021-05-27T12:48:59.942-0700][gc,heap,coops] Heap address: 0x00000007e0000000, size: 512 MB, Compressed Oops mode: Zero based, Oop shift amount: 3
[2021-05-27T12:49:44.679-0700][gc,start     ] GC(0) Pause Young (Normal) (G1 Evacuation Pause)
[2021-05-27T12:49:44.679-0700][gc,task      ] GC(0) Using 8 workers of 8 for evacuation
[2021-05-27T12:49:44.685-0700][gc,phases    ] GC(0)   Pre Evacuate Collection Set: 0.0ms
[2021-05-27T12:49:44.685-0700][gc,phases    ] GC(0)   Evacuate Collection Set: 5.0ms
[2021-05-27T12:49:44.685-0700][gc,phases    ] GC(0)   Post Evacuate Collection Set: 0.4ms
[2021-05-27T12:49:44.685-0700][gc,phases    ] GC(0)   Other: 0.5ms
[2021-05-27T12:49:44.685-0700][gc,heap      ] GC(0) Eden regions: 25->0(21)
[2021-05-27T12:49:44.685-0700][gc,heap      ] GC(0) Survivor regions: 0->4(4)
[2021-05-27T12:49:44.685-0700][gc,heap      ] GC(0) Old regions: 0->3
[2021-05-27T12:49:44.685-0700][gc,heap      ] GC(0) Humongous regions: 0->0
[2021-05-27T12:49:44.685-0700][gc,metaspace ] GC(0) Metaspace: 15094K->15094K(1062912K)
[2021-05-27T12:49:44.685-0700][gc           ] GC(0) Pause Young (Normal) (G1 Evacuation Pause) 25M->6M(512M) 6.182ms
[2021-05-27T12:49:44.685-0700][gc,cpu       ] GC(0) User=0.03s Sys=0.00s Real=0.01s
